\BOOKMARK [0][-]{chapter*.1}{\376\377\000A\000c\000k\000n\000o\000w\000l\000e\000d\000g\000e\000m\000e\000n\000t\000s}{}% 1
\BOOKMARK [0][-]{chapter*.1}{\376\377\000A\000b\000s\000t\000r\000a\000c\000t\000\040\000S\000h\000e\000e\000t}{}% 2
\BOOKMARK [0][-]{chapter*.5}{\376\377\000L\000i\000s\000t\000\040\000o\000f\000\040\000A\000b\000b\000r\000e\000v\000i\000a\000t\000i\000o\000n\000s}{}% 3
\BOOKMARK [0][-]{chapter.1}{\376\377\0001\000\040\000I\000n\000t\000r\000o\000d\000u\000c\000t\000i\000o\000n}{}% 4
\BOOKMARK [1][-]{section.1.1}{\376\377\0001\000.\0001\000\040\000B\000r\000o\000a\000d\000\040\000A\000r\000e\000a\000\040\000o\000f\000\040\000W\000o\000r\000k}{chapter.1}% 5
\BOOKMARK [1][-]{section.1.2}{\376\377\0001\000.\0002\000\040\000M\000o\000t\000i\000v\000a\000t\000i\000o\000n}{chapter.1}% 6
\BOOKMARK [1][-]{section.1.3}{\376\377\0001\000.\0003\000\040\000C\000o\000n\000t\000r\000i\000b\000u\000t\000i\000o\000n\000s\000\040\000o\000f\000\040\000t\000h\000i\000s\000\040\000D\000i\000s\000s\000e\000r\000t\000a\000t\000i\000o\000n}{chapter.1}% 7
\BOOKMARK [1][-]{section.1.4}{\376\377\0001\000.\0004\000\040\000O\000r\000g\000a\000n\000i\000s\000a\000t\000i\000o\000n\000\040\000o\000f\000\040\000t\000h\000e\000\040\000R\000e\000p\000o\000r\000t}{chapter.1}% 8
\BOOKMARK [0][-]{chapter.2}{\376\377\0002\000\040\000P\000r\000o\000b\000l\000e\000m\000\040\000S\000t\000a\000t\000e\000m\000e\000n\000t\000\040\000a\000n\000d\000\040\000O\000b\000j\000e\000c\000t\000i\000v\000e\000s}{}% 9
\BOOKMARK [1][-]{section.2.1}{\376\377\0002\000.\0001\000\040\000P\000r\000o\000b\000l\000e\000m\000\040\000S\000t\000a\000t\000e\000m\000e\000n\000t}{chapter.2}% 10
\BOOKMARK [1][-]{section.2.2}{\376\377\0002\000.\0002\000\040\000O\000b\000j\000e\000c\000t\000i\000v\000e\000s}{chapter.2}% 11
\BOOKMARK [1][-]{section.2.3}{\376\377\0002\000.\0003\000\040\000R\000e\000s\000e\000a\000r\000c\000h\000\040\000Q\000u\000e\000s\000t\000i\000o\000n\000s}{chapter.2}% 12
\BOOKMARK [1][-]{section.2.4}{\376\377\0002\000.\0004\000\040\000S\000c\000o\000p\000e}{chapter.2}% 13
\BOOKMARK [0][-]{chapter.3}{\376\377\0003\000\040\000L\000i\000t\000e\000r\000a\000t\000u\000r\000e\000\040\000S\000u\000r\000v\000e\000y}{}% 14
\BOOKMARK [1][-]{section.3.1}{\376\377\0003\000.\0001\000\040\000T\000r\000a\000n\000s\000f\000o\000r\000m\000e\000r\000\040\000S\000e\000n\000t\000i\000m\000e\000n\000t\000\040\000C\000l\000a\000s\000s\000i\000f\000i\000c\000a\000t\000i\000o\000n}{chapter.3}% 15
\BOOKMARK [1][-]{section.3.2}{\376\377\0003\000.\0002\000\040\000A\000s\000p\000e\000c\000t\000-\000B\000a\000s\000e\000d\000\040\000O\000p\000i\000n\000i\000o\000n\000\040\000M\000i\000n\000i\000n\000g}{chapter.3}% 16
\BOOKMARK [1][-]{section.3.3}{\376\377\0003\000.\0003\000\040\000V\000i\000s\000i\000o\000n\000-\000L\000a\000n\000g\000u\000a\000g\000e\000\040\000M\000o\000d\000e\000l\000s}{chapter.3}% 17
\BOOKMARK [1][-]{section.3.4}{\376\377\0003\000.\0004\000\040\000S\000o\000c\000i\000a\000l\000-\000M\000e\000d\000i\000a\000\040\000C\000r\000e\000d\000i\000b\000i\000l\000i\000t\000y}{chapter.3}% 18
\BOOKMARK [0][-]{chapter.4}{\376\377\0004\000\040\000S\000y\000s\000t\000e\000m\000\040\000D\000e\000s\000i\000g\000n\000\040\000a\000n\000d\000\040\000A\000r\000c\000h\000i\000t\000e\000c\000t\000u\000r\000e}{}% 19
\BOOKMARK [1][-]{section.4.1}{\376\377\0004\000.\0001\000\040\000D\000e\000s\000i\000g\000n\000\040\000P\000r\000i\000n\000c\000i\000p\000l\000e\000s}{chapter.4}% 20
\BOOKMARK [1][-]{section.4.2}{\376\377\0004\000.\0002\000\040\000L\000a\000y\000e\000r\000e\000d\000\040\000A\000r\000c\000h\000i\000t\000e\000c\000t\000u\000r\000e}{chapter.4}% 21
\BOOKMARK [1][-]{section.4.3}{\376\377\0004\000.\0003\000\040\000E\000n\000d\000-\000t\000o\000-\000E\000n\000d\000\040\000P\000i\000p\000e\000l\000i\000n\000e\000\040\000F\000l\000o\000w}{chapter.4}% 22
\BOOKMARK [0][-]{chapter.5}{\376\377\0005\000\040\000I\000m\000p\000l\000e\000m\000e\000n\000t\000a\000t\000i\000o\000n}{}% 23
\BOOKMARK [1][-]{section.5.1}{\376\377\0005\000.\0001\000\040\000D\000a\000t\000a\000\040\000I\000n\000g\000e\000s\000t\000i\000o\000n\000\040\000a\000n\000d\000\040\000P\000r\000e\000-\000p\000r\000o\000c\000e\000s\000s\000i\000n\000g}{chapter.5}% 24
\BOOKMARK [1][-]{section.5.2}{\376\377\0005\000.\0002\000\040\000T\000r\000u\000s\000t\000-\000S\000c\000o\000r\000e\000\040\000M\000o\000d\000u\000l\000e}{chapter.5}% 25
\BOOKMARK [1][-]{section.5.3}{\376\377\0005\000.\0003\000\040\000S\000e\000n\000t\000i\000m\000e\000n\000t\000\040\000C\000l\000a\000s\000s\000i\000f\000i\000c\000a\000t\000i\000o\000n\000\040\000\050\000M\000o\000d\000e\000r\000n\000B\000E\000R\000T\000\051}{chapter.5}% 26
\BOOKMARK [1][-]{section.5.4}{\376\377\0005\000.\0004\000\040\000A\000s\000p\000e\000c\000t\000-\000B\000a\000s\000e\000d\000\040\000O\000p\000i\000n\000i\000o\000n\000\040\000M\000i\000n\000i\000n\000g}{chapter.5}% 27
\BOOKMARK [1][-]{section.5.5}{\376\377\0005\000.\0005\000\040\000V\000i\000s\000i\000o\000n\000\040\000/\000\040\000I\000m\000a\000g\000e\000\040\000P\000r\000o\000c\000e\000s\000s\000i\000n\000g}{chapter.5}% 28
\BOOKMARK [1][-]{section.5.6}{\376\377\0005\000.\0006\000\040\000A\000g\000g\000r\000e\000g\000a\000t\000i\000o\000n\000,\000\040\000A\000l\000e\000r\000t\000s\000\040\000a\000n\000d\000\040\000N\000o\000t\000i\000f\000i\000c\000a\000t\000i\000o\000n\000s}{chapter.5}% 29
\BOOKMARK [1][-]{section.5.7}{\376\377\0005\000.\0007\000\040\000D\000a\000s\000h\000b\000o\000a\000r\000d\000\040\000O\000v\000e\000r\000v\000i\000e\000w}{chapter.5}% 30
\BOOKMARK [1][-]{section.5.8}{\376\377\0005\000.\0008\000\040\000H\000u\000m\000a\000n\000-\000i\000n\000-\000t\000h\000e\000-\000L\000o\000o\000p\000\040\000R\000e\000v\000i\000e\000w\000\040\000\046\000\040\000V\000a\000l\000i\000d\000a\000t\000e}{chapter.5}% 31
\BOOKMARK [1][-]{section.5.9}{\376\377\0005\000.\0009\000\040\000S\000m\000a\000r\000t\000\040\000R\000e\000p\000l\000y\000\040\000C\000o\000m\000p\000o\000s\000e\000r\000\040\040\024\000\040\000D\000u\000a\000l\000-\000D\000r\000a\000f\000t\000\040\000\050\000R\000u\000l\000e\000\040\000+\000\040\000L\000L\000M\000\051}{chapter.5}% 32
\BOOKMARK [1][-]{section.5.10}{\376\377\0005\000.\0001\0000\000\040\000L\000e\000a\000r\000n\000i\000n\000g\000\040\000L\000o\000o\000p\000\040\040\024\000\040\000F\000e\000e\000d\000b\000a\000c\000k\000\040\000f\000o\000r\000\040\000F\000u\000t\000u\000r\000e\000\040\000R\000e\000t\000r\000a\000i\000n\000i\000n\000g}{chapter.5}% 33
\BOOKMARK [1][-]{section.5.11}{\376\377\0005\000.\0001\0001\000\040\000P\000o\000s\000t\000\040\000E\000x\000p\000l\000o\000r\000e\000r\000\040\000a\000n\000d\000\040\000M\000u\000l\000t\000i\000-\000F\000a\000c\000e\000t\000\040\000S\000e\000a\000r\000c\000h}{chapter.5}% 34
\BOOKMARK [1][-]{section.5.12}{\376\377\0005\000.\0001\0002\000\040\000P\000o\000s\000t\000\040\000L\000i\000f\000e\000c\000y\000c\000l\000e\000\040\000\050\000K\000a\000n\000b\000a\000n\000\040\000W\000o\000r\000k\000f\000l\000o\000w\000\051}{chapter.5}% 35
\BOOKMARK [1][-]{section.5.13}{\376\377\0005\000.\0001\0003\000\040\000I\000n\000s\000i\000g\000h\000t\000s\000\040\000a\000n\000d\000\040\000C\000o\000m\000p\000e\000t\000i\000t\000o\000r\000\040\000A\000n\000a\000l\000y\000s\000i\000s}{chapter.5}% 36
\BOOKMARK [1][-]{section.5.14}{\376\377\0005\000.\0001\0004\000\040\000S\000t\000o\000r\000a\000g\000e\000\040\000L\000a\000y\000e\000r}{chapter.5}% 37
\BOOKMARK [0][-]{chapter.6}{\376\377\0006\000\040\000E\000v\000a\000l\000u\000a\000t\000i\000o\000n\000\040\000a\000n\000d\000\040\000R\000e\000s\000u\000l\000t\000s}{}% 38
\BOOKMARK [1][-]{section.6.1}{\376\377\0006\000.\0001\000\040\000S\000e\000n\000t\000i\000m\000e\000n\000t\000\040\000M\000o\000d\000e\000l\000\040\000E\000v\000a\000l\000u\000a\000t\000i\000o\000n}{chapter.6}% 39
\BOOKMARK [1][-]{section.6.2}{\376\377\0006\000.\0002\000\040\000V\000i\000s\000i\000o\000n\000\040\000M\000o\000d\000u\000l\000e\000\040\000E\000v\000a\000l\000u\000a\000t\000i\000o\000n}{chapter.6}% 40
\BOOKMARK [1][-]{section.6.3}{\376\377\0006\000.\0003\000\040\000T\000r\000u\000s\000t\000-\000S\000c\000o\000r\000e\000\040\000B\000e\000h\000a\000v\000i\000o\000u\000r}{chapter.6}% 41
\BOOKMARK [0][-]{chapter.7}{\376\377\0007\000\040\000T\000o\000o\000l\000s\000,\000\040\000T\000e\000c\000h\000n\000o\000l\000o\000g\000i\000e\000s\000,\000\040\000a\000n\000d\000\040\000C\000o\000n\000f\000i\000g\000u\000r\000a\000t\000i\000o\000n}{}% 42
\BOOKMARK [1][-]{section.7.1}{\376\377\0007\000.\0001\000\040\000C\000o\000n\000f\000i\000g\000u\000r\000a\000t\000i\000o\000n}{chapter.7}% 43
\BOOKMARK [0][-]{chapter.8}{\376\377\0008\000\040\000P\000r\000o\000b\000l\000e\000m\000s\000\040\000E\000n\000c\000o\000u\000n\000t\000e\000r\000e\000d\000\040\000a\000n\000d\000\040\000M\000i\000t\000i\000g\000a\000t\000i\000o\000n\000s}{}% 44
\BOOKMARK [0][-]{chapter.9}{\376\377\0009\000\040\000C\000o\000n\000c\000l\000u\000s\000i\000o\000n\000s\000\040\000a\000n\000d\000\040\000R\000e\000c\000o\000m\000m\000e\000n\000d\000a\000t\000i\000o\000n\000s}{}% 45
\BOOKMARK [1][-]{section.9.1}{\376\377\0009\000.\0001\000\040\000R\000e\000c\000o\000m\000m\000e\000n\000d\000a\000t\000i\000o\000n\000s}{chapter.9}% 46
\BOOKMARK [0][-]{chapter.10}{\376\377\0001\0000\000\040\000F\000u\000t\000u\000r\000e\000\040\000W\000o\000r\000k}{}% 47
\BOOKMARK [1][-]{section.10.1}{\376\377\0001\0000\000.\0001\000\040\000M\000o\000d\000e\000l\000-\000L\000e\000v\000e\000l\000\040\000E\000x\000t\000e\000n\000s\000i\000o\000n\000s}{chapter.10}% 48
\BOOKMARK [1][-]{section.10.2}{\376\377\0001\0000\000.\0002\000\040\000P\000r\000o\000d\000u\000c\000t\000-\000L\000e\000v\000e\000l\000\040\000E\000x\000t\000e\000n\000s\000i\000o\000n\000s}{chapter.10}% 49
\BOOKMARK [1][-]{section.10.3}{\376\377\0001\0000\000.\0003\000\040\000O\000p\000e\000r\000a\000t\000i\000o\000n\000a\000l\000\040\000E\000x\000t\000e\000n\000s\000i\000o\000n\000s}{chapter.10}% 50
\BOOKMARK [0][-]{appendix.A}{\376\377\000A\000\040\000C\000u\000r\000a\000t\000e\000d\000\040\000S\000u\000b\000r\000e\000d\000d\000i\000t\000\040\000C\000o\000v\000e\000r\000a\000g\000e}{}% 51
\BOOKMARK [0][-]{appendix.B}{\376\377\000B\000\040\000R\000e\000p\000r\000o\000d\000u\000c\000t\000i\000o\000n\000\040\000C\000o\000m\000m\000a\000n\000d\000s}{}% 52
\BOOKMARK [1][-]{section.B.1}{\376\377\000B\000.\0001\000\040\000S\000o\000u\000r\000c\000e\000\040\000C\000o\000d\000e\000\040\000R\000e\000p\000o\000s\000i\000t\000o\000r\000y}{appendix.B}% 53
\BOOKMARK [1][-]{section.B.2}{\376\377\000B\000.\0002\000\040\000E\000n\000v\000i\000r\000o\000n\000m\000e\000n\000t}{appendix.B}% 54
\BOOKMARK [1][-]{section.B.3}{\376\377\000B\000.\0003\000\040\000F\000u\000l\000l\000\040\000p\000i\000p\000e\000l\000i\000n\000e}{appendix.B}% 55
\BOOKMARK [1][-]{section.B.4}{\376\377\000B\000.\0004\000\040\000R\000e\000g\000e\000n\000e\000r\000a\000t\000e\000\040\000f\000i\000g\000u\000r\000e\000s}{appendix.B}% 56
\BOOKMARK [1][-]{section.B.5}{\376\377\000B\000.\0005\000\040\000R\000e\000t\000r\000a\000i\000n\000\040\000s\000e\000n\000t\000i\000m\000e\000n\000t\000\040\000m\000o\000d\000e\000l}{appendix.B}% 57
\BOOKMARK [1][-]{section.B.6}{\376\377\000B\000.\0006\000\040\000R\000e\000b\000u\000i\000l\000d\000\040\000t\000h\000i\000s\000\040\000r\000e\000p\000o\000r\000t\000\040\000\050\000L\000a\000T\000e\000X\000\051}{appendix.B}% 58
\BOOKMARK [1][-]{section.B.7}{\376\377\000B\000.\0007\000\040\000R\000e\000b\000u\000i\000l\000d\000\040\000t\000h\000e\000\040\000.\000d\000o\000c\000x\000\040\000w\000o\000r\000k\000i\000n\000g\000\040\000d\000r\000a\000f\000t}{appendix.B}% 59
\BOOKMARK [0][-]{section*.33}{\376\377\000R\000e\000f\000e\000r\000e\000n\000c\000e\000s}{}% 60
\BOOKMARK [0][-]{appendix*.35}{\376\377\000G\000l\000o\000s\000s\000a\000r\000y}{}% 61
\BOOKMARK [0][-]{appendix*.36}{\376\377\000C\000h\000e\000c\000k\000l\000i\000s\000t}{}% 62
